Ôùç injected env (7) from .env // tip: Ôîÿ override existing { override: true }
Testing GET /api/perfumes...
STATUS: 200
RESPONSE: [
  {
    id_perfume: 34,
    nombre: 'Apple Brandy on the Rocks',
    descripcion: 'Eau de Parfum',
    activo: 1,
    fecha_registro: 2026-07-10T01:50:00.000Z,
    id_categoria: 3,
    categoria: 'Unisex',
    marca: 'Kilian',
    precio_min: '3400.00',
    precio_max: '3400.00',
    stock_total: '10',
    precio: '3400.00',
    mililitros: 100,
    id_presentacion: 32,
    imagen: null
  },
  {
    id_perfume: 28,
    nombre: 'Aventus',
    descripcion: 'Eau de Parfum',
    activo: 1,
    fecha_registro: 2026-07-10T01:50:00.000Z,
    id_categoria: 1,
    categoria: 'Hombre',
    marca: 'Creed',
    precio_min: '4500.00',
    precio_max: '4500.00',
    stock_total: '10',
    precio: '4500.00',
    mililitros: 100,
    id_presentacion: 26,
    imagen: null
  },
  {
    id_perfume: 39,
    nombre: 'Baccarat Rouge 540 (Caja Blanca)',
    descripcion: 'Eau de Parfum',
    activo: 1,
    fecha_registro: 2026-07-10T01:50:00.000Z,
    id_categoria: 3,
    categoria: 'Unisex',
    marca: 'Maison Francis Kurkdjian',
    precio_min: '7600.00',
    precio_max: '7600.00',
    stock_total: '5',
    precio: '7600.00',
    mililitros: 70,
    id_presentacion: 37,
    imagen: null
  },
  {
    id_perfume: 37,
    nombre: 'Baccarat Rouge 540 (Caja Roja - Extrait)',
    descripcion: 'Extrait de Parfum',
    activo: 1,
    fecha_registro: 2026-07-10T01:50:00.000Z,
    id_categoria: 3,
    categoria: 'Unisex',
    marca: 'Maison Francis Kurkdjian',
    precio_min: '5200.00',
    precio_max: '5200.00',
    stock_total: '5',
    precio: '5200.00',
    mililitros: 100,
    id_presentacion: 35,
    imagen: null
  },
  {
    id_perfume: 26,
    nombre: 'Bad Boy Cobalt',
    descripcion: 'Eau de Parfum ├ëlectrique',
    activo: 1,
    fecha_registro: 2026-07-10T01:50:00.000Z,
    id_categoria: 1,
    categoria: 'Hombre',
    marca: 'Carolina Herrera',
    precio_min: '3500.00',
    precio_max: '3500.00',
    stock_total: '10',
    precio: '3500.00',
    mililitros: 100,
    id_presentacion: 24,
    imagen: null
  },
  {
    id_perfume: 5,
    nombre: 'Bamboo',
    descripcion: 'Eau de Parfum',
    activo: 1,
    fecha_registro: 2026-07-10T01:50:00.000Z,
    id_categoria: 2,
    categoria: 'Mujer',
    marca: 'Gucci',
    precio_min: '2600.00',
    precio_max: '2600.00',
    stock_total: '10',
    precio: '2600.00',
    mililitros: 75,
    id_presentacion: 3,
    imagen: null
  },
  {
    id_perfume: 9,
    nombre: 'Black Opium (Le Parfum / Over Red)',
    descripcion: 'Le Parfum',
    activo: 1,
    fecha_registro: 2026-07-10T01:50:00.000Z,
    id_categoria: 2,
    categoria: 'Mujer',
    marca: 'Yves Saint Laurent',
    precio_min: '3200.00',
    precio_max: '3200.00',
    stock_total: '10',
    precio: '3200.00',
    mililitros: 90,
    id_presentacion: 7,
    imagen: null
  },
  {
    id_perfume: 29,
    nombre: 'Bleu de Chanel',
    descripcion: 'Parfum',
    activo: 1,
    fecha_registro: 2026-07-10T01:50:00.000Z,
    id_categoria: 1,
    categoria: 'Hombre',
    marca: 'Chanel',
    precio_min: '8500.00',
    precio_max: '8500.00',
    stock_total: '5',
    precio: '8500.00',
    mililitros: 100,
    id_presentacion: 27,
    imagen: null
  },
  {
    id_perfume: 4,
    nombre: 'Donna',
    descripcion: 'Eau de Parfum',
    activo: 1,
    fecha_registro: 2026-07-10T01:50:00.000Z,
    id_categoria: 2,
    categoria: 'Mujer',
    marca: 'Valentino',
    precio_min: '2900.00',
    precio_max: '2900.00',
    stock_total: '10',
    precio: '2900.00',
    mililitros: 100,
    id_presentacion: 2,
    imagen: null
  },
  {
    id_perfume: 3,
    nombre: 'Donna - Behind The Seen',
    descripcion: 'Eau de Parfum',
    activo: 1,
    fecha_registro: 2026-07-10T01:50:00.000Z,
    id_categoria: 2,
    categoria: 'Mujer',
    marca: 'Valentino',
    precio_min: null,
    precio_max: null,
    stock_total: null,
    precio: null,
    mililitros: null,
    id_presentacion: null,
    imagen: null
  },
  {
    id_perfume: 2,
    nombre: 'Donna - Born In Roma Green Stravaganza',
    descripcion: 'Eau de Parfum',
    activo: 1,
    fecha_registro: 2026-07-10T01:50:00.000Z,
    id_categoria: 2,
    categoria: 'Mujer',
    marca: 'Valentino',
    precio_min: '3200.00',
    precio_max: '3200.00',
    stock_total: '10',
    precio: '3200.00',
    mililitros: 100,
    id_presentacion: 1,
    imagen: null
  },
  {
    id_perfume: 1,
    nombre: 'Donna - Private Talk',
    descripcion: 'Eau de Parfum',
    activo: 1,
    fecha_registro: 2026-07-10T01:50:00.000Z,
    id_categoria: 2,
    categoria: 'Mujer',
    marca: 'Valentino',
    precio_min: null,
    precio_max: null,
    stock_total: null,
    precio: null,
    mililitros: null,
    id_presentacion: null,
    imagen: null
  },
  {
    id_perfume: 31,
    nombre: 'Fucking Fabulous',
    descripcion: 'Eau de Parfum',
    activo: 1,
    fecha_registro: 2026-07-10T01:50:00.000Z,
    id_categoria: 3,
    categoria: 'Unisex',
    marca: 'Tom Ford',
    precio_min: '5200.00',
    precio_max: '5200.00',
    stock_total: '5',
    precio: '5200.00',
    mililitros: 100,
    id_presentacion: 29,
    imagen: null
  },
  {
    id_perfume: 10,
    nombre: 'Good Girl',
    descripcion: 'Eau de Parfum',
    activo: 1,
    fecha_registro: 2026-07-10T01:50:00.000Z,
    id_categoria: 2,
    categoria: 'Mujer',
    marca: 'Carolina Herrera',
    precio_min: '2900.00',
    precio_max: '2900.00',
    stock_total: '10',
    precio: '2900.00',
    mililitros: 80,
    id_presentacion: 8,
    imagen: null
  },
  {
    id_perfume: 11,
    nombre: 'Good Girl - Dazzling Garden',
    descripcion: 'Eau de Parfum',
    activo: 1,
    fecha_registro: 2026-07-10T01:50:00.000Z,
    id_categoria: 2,
    categoria: 'Mujer',
    marca: 'Carolina Herrera',
    precio_min: '2900.00',
    precio_max: '2900.00',
    stock_total: '10',
    precio: '2900.00',
    mililitros: 80,
    id_presentacion: 9,
    imagen: null
  },
  {
    id_perfume: 12,
    nombre: 'Good Girl - Sparkling Ice',
    descripcion: 'Eau de Parfum',
    activo: 1,
    fecha_registro: 2026-07-10T01:50:00.000Z,
    id_categoria: 2,
    categoria: 'Mujer',
    marca: 'Carolina Herrera',
    precio_min: '2900.00',
    precio_max: '2900.00',
    stock_total: '10',
    precio: '2900.00',
    mililitros: 80,
    id_presentacion: 10,
    imagen: null
  },
  {
    id_perfume: 20,
    nombre: 'Le Beau (Paradise Garden)',
    descripcion: 'Eau de Parfum Intense',
    activo: 1,
    fecha_registro: 2026-07-10T01:50:00.000Z,
    id_categoria: 1,
    categoria: 'Hombre',
    marca: 'Jean Paul Gaultier',
    precio_min: '3800.00',
    precio_max: '3800.00',
    stock_total: '10',
    precio: '3800.00',
    mililitros: 125,
    id_presentacion: 18,
    imagen: null
  },
  {
    id_perfume: 21,
    nombre: 'Le Male (Edici├│n Coleccionista / Keith Haring Graffiti)',
    descripcion: 'Eau de Toilette',
    activo: 1,
    fecha_registro: 2026-07-10T01:50:00.000Z,
    id_categoria: 1,
    categoria: 'Hombre',
    marca: 'Jean Paul Gaultier',
    precio_min: '3400.00',
    precio_max: '3400.00',
    stock_total: '10',
    precio: '3400.00',
    mililitros: 125,
    id_presentacion: 19,
    imagen: null
  },
  {
    id_perfume: 22,
    nombre: 'Le Male In The Navy',
    descripcion: 'Eau de Toilette',
    activo: 1,
    fecha_registro: 2026-07-10T01:50:00.000Z,
    id_categoria: 1,
    categoria: 'Hombre',
    marca: 'Jean Paul Gaultier',
    precio_min: '3300.00',
    precio_max: '3300.00',
    stock_total: '10',
    precio: '3300.00',
    mililitros: 125,
    id_presentacion: 20,
    imagen: null
  },
  {
    id_perfume: 27,
    nombre: 'Luna Rossa Ocean',
    descripcion: 'Eau de Parfum',
    activo: 1,
    fecha_registro: 2026-07-10T01:50:00.000Z,
    id_categoria: 1,
    categoria: 'Hombre',
    marca: 'Prada',
    precio_min: '3800.00',
    precio_max: '3800.00',
    stock_total: '10',
    precio: '3800.00',
    mililitros: 100,
    id_presentacion: 25,
    imagen: null
  },
  {
    id_perfume: 38,
    nombre: 'Oud Silk Mood',
    descripcion: 'Eau de Parfum',
    activo: 1,
    fecha_registro: 2026-07-10T01:50:00.000Z,
    id_categoria: 3,
    categoria: 'Unisex',
    marca: 'Maison Francis Kurkdjian',
    precio_min: '5900.00',
    precio_max: '5900.00',
    stock_total: '5',
    precio: '5900.00',
    mililitros: 100,
    id_presentacion: 36,
    imagen: null
  },
  {
    id_perfume: 30,
    nombre: 'Oud Wood',
    descripcion: 'Eau de Parfum',
    activo: 1,
    fecha_registro: 2026-07-10T01:50:00.000Z,
    id_categoria: 3,
    categoria: 'Unisex',
    marca: 'Tom Ford',
    precio_min: '6800.00',
    precio_max: '6800.00',
    stock_total: '5',
    precio: '6800.00',
    mililitros: 100,
    id_presentacion: 28,
    imagen: null
  },
  {
    id_perfume: 35,
    nombre: "Passage d'Enfer Extr├¬me",
    descripcion: 'Eau de Parfum',
    activo: 1,
    fecha_registro: 2026-07-10T01:50:00.000Z,
    id_categoria: 3,
    categoria: 'Unisex',
    marca: "L'Artisan Parfumeur",
    precio_min: '5500.00',
    precio_max: '5500.00',
    stock_total: '5',
    precio: '5500.00',
    mililitros: 100,
    id_presentacion: 33,
    imagen: null
  },
  {
    id_perfume: 8,
    nombre: 'Poison Girl',
    descripcion: 'Eau de Parfum',
    activo: 1,
    fecha_registro: 2026-07-10T01:50:00.000Z,
    id_categoria: 2,
    categoria: 'Mujer',
    marca: 'Dior',
    precio_min: '2500.00',
    precio_max: '2500.00',
    stock_total: '10',
    precio: '2500.00',
    mililitros: 50,
    id_presentacion: 6,
    imagen: null
  },
  {
    id_perfume: 18,
    nombre: 'Pour Homme',
    descripcion: 'Eau de Toilette',
    activo: 1,
    fecha_registro: 2026-07-10T01:50:00.000Z,
    id_categoria: 1,
    categoria: 'Hombre',
    marca: 'Bvlgari',
    precio_min: '2400.00',
    precio_max: '2400.00',
    stock_total: '10',
    precio: '2400.00',
    mililitros: 100,
    id_presentacion: 16,
    imagen: null
  },
  {
    id_perfume: 24,
    nombre: 'Sauvage',
    descripcion: 'Eau de Parfum',
    activo: 1,
    fecha_registro: 2026-07-10T01:50:00.000Z,
    id_categoria: 1,
    categoria: 'Hombre',
    marca: 'Dior',
    precio_min: '4200.00',
    precio_max: '4200.00',
    stock_total: '10',
    precio: '4200.00',
    mililitros: 100,
    id_presentacion: 22,
    imagen: null
  },
  {
    id_perfume: 25,
    nombre: 'Sauvage Elixir',
    descripcion: 'Elixir',
    activo: 1,
    fecha_registro: 2026-07-10T01:50:00.000Z,
    id_categoria: 1,
    categoria: 'Hombre',
    marca: 'Dior',
    precio_min: '4900.00',
    precio_max: '4900.00',
    stock_total: '10',
    precio: '4900.00',
    mililitros: 60,
    id_presentacion: 23,
    imagen: null
  },
  {
    id_perfume: 6,
    nombre: 'S├¼ Passione',
    descripcion: 'Eau de Parfum',
    activo: 1,
    fecha_registro: 2026-07-10T01:50:00.000Z,
    id_categoria: 2,
    categoria: 'Mujer',
    marca: 'Giorgio Armani',
    precio_min: '2900.00',
    precio_max: '2900.00',
    stock_total: '10',
    precio: '2900.00',
    mililitros: 100,
    id_presentacion: 4,
    imagen: null
  },
  {
    id_perfume: 7,
    nombre: 'So Scandal!',
    descripcion: 'Eau de Parfum',
    activo: 1,
    fecha_registro: 2026-07-10T01:50:00.000Z,
    id_categoria: 2,
    categoria: 'Mujer',
    marca: 'Jean Paul Gaultier',
    precio_min: '3000.00',
    precio_max: '3000.00',
    stock_total: '10',
    precio: '3000.00',
    mililitros: 80,
    id_presentacion: 5,
    imagen: null
  },
  {
    id_perfume: 32,
    nombre: 'Soleil Blanc',
    descripcion: 'Eau de Parfum',
    activo: 1,
    fecha_registro: 2026-07-10T01:50:00.000Z,
    id_categoria: 3,
    categoria: 'Unisex',
    marca: 'Tom Ford',
    precio_min: '5900.00',
    precio_max: '5900.00',
    stock_total: '5',
    precio: '5900.00',
    mililitros: 100,
    id_presentacion: 30,
    imagen: null
  },
  {
    id_perfume: 19,
    nombre: 'Spicebomb',
    descripcion: 'Eau de Toilette',
    activo: 1,
    fecha_registro: 2026-07-10T01:50:00.000Z,
    id_categoria: 1,
    categoria: 'Hombre',
    marca: 'Viktor & Rolf',
    precio_min: '3200.00',
    precio_max: '3200.00',
    stock_total: '10',
    precio: '3200.00',
    mililitros: 90,
    id_presentacion: 17,
    imagen: null
  },
  {
    id_perfume: 36,
    nombre: 'Test Perfume',
    descripcion: 'Test Desc',
    activo: 1,
    fecha_registro: 2026-07-10T01:50:00.000Z,
    id_categoria: 2,
    categoria: 'Mujer',
    marca: 'Maison Francis Kurkdjian',
    precio_min: '1500.00',
    precio_max: '1500.00',
    stock_total: '4',
    precio: '1500.00',
    mililitros: 100,
    id_presentacion: 34,
    imagen: 'data:image/png;base64,iVBORw0KGgoAAAANSUhEUgAAAAEAAAABCAQAAAC1HAwCAAAAC0lEQVR42mNkYAAAAAYAAjCB0C8AAAAASUVORK5CYII=data:image/png;base64,iVBORw0KGgoAAAANSUhEUgAAAAEAAAABCAQAAAC1HAwCAAAAC0lEQVR42mNkYAAAAAYAAjCB0C8AAAAASUVORK5CYII=data:image/png;base64,iVBORw0KGgoAAAANSUhEUgAAAAEAAAABCAQAAAC1HAwCAAAAC0lEQVR42mNkYAAAAAYAAjCB0C8AAAAASUVORK5CYII=data:image/png;base64,iVBORw0KGgoAAAANSUhEUgAAAAEAAAABCAQAAAC1HAwCAAAAC0lEQVR42mNkYAAAAAYAAjCB0C8AAAAASUVORK5CYII=data:image/png;base64,iVBORw0KGgoAAAANSUhEUgAAAAEAAAABCAQAAAC1HAwCAAAAC0lEQVR42mNkYAAAAAYAAjCB0C8AAAAASUVORK5CYII=data:image/png;base64,iVBORw0KGgoAAAANSUhEUgAAAAEAAAABCAQAAAC1HAwCAAAAC0lEQVR42mNkYAAAAAYAAjCB0C8AAAAASUVORK5CYII=data:image/png;base64,iVBORw0KGgoAAAANSUhEUgAAAAEAAAABCAQAAAC1HAwCAAAAC0lEQVR42mNkYAAAAAYAAjCB0C8AAAAASUVORK5CYII=data:image/png;base64,iVBORw0KGgoAAAANSUhEUgAAAAEAAAABCAQAAAC1HAwCAAAAC0lEQVR42mNkYAAAAAYAAjCB0C8AAAAASUVORK5CYII=data:image/png;base64,iVBORw0KGgoAAAANSUhEUgAAAAEAAAABCAQAAAC1HAwCAAAAC0lEQVR42mNkYAAAAAYAAjCB0C8AAAAASUVORK5CYII=data:image/png;base64,iVBORw0KGgoAAAANSUhEUgAAAAEAAAABCAQAAAC1HAwCAAAAC0lEQVR42mNkYAAAAAYAAjCB0C8AAAAASUVORK5CYII=data:image/png;base64,iVBORw0KGgoAAAANSUhEUgAAAAEAAAABCAQAAAC1HAwCAAAAC0lEQVR42mNkYAAAAAYAAjCB0C8AAAAASUVORK5CYII=data:image/png;base64,iVBORw0KGgoAAAANSUhEUgAAAAEAAAABCAQAAAC1HAwCAAAAC0lEQVR42mNkYAAAAAYAAjCB0C8AAAAASUVORK5CYII=data:image/png;base64,iVBORw0KGgoAAAANSUhEUgAAAAEAAAABCAQAAAC1HAwCAAAAC0lEQVR42mNkYAAAAAYAAjCB0C8AAAAASUVORK5CYII=data:image/png;base64,iVBORw0KGgoAAAANSUhEUgAAAAEAAAABCAQAAAC1HAwCAAAAC0lEQVR42mNkYAAAAAYAAjCB0C8AAAAASUVORK5CYII=data:image/png;base64,iVBORw0KGgoAAAANSUhEUgAAAAEAAAABCAQAAAC1HAwCAAAAC0lEQVR42mNkYAAAAAYAAjCB0C8AAAAASUVORK5CYII=data:image/png;base64,iVBORw0KGgoAAAANSUhEUgAAAAEAAAABCAQAAAC1HAwCAAAAC0lEQVR42mNkYAAAAAYAAjCB0C8AAAAASUVORK5CYII=data:image/png;base64,iVBORw0KGgoAAAANSUhEUgAAAAEAAAABCAQAAAC1HAwCAAAAC0lEQVR42mNkYAAAAAYAAjCB0C8AAAAASUVORK5CYII=data:image/png;base64,iVBORw0KGgoAAAANSUhEUgAAAAEAAAABCAQAAAC1HAwCAAAAC0lEQVR42mNkYAAAAAYAAjCB0C8AAAAASUVORK5CYII=data:image/png;base64,iVBORw0KGgoAAAANSUhEUgAAAAEAAAABCAQAAAC1HAwCAAAAC0lEQVR42mNkYAAAAAYAAjCB0C8AAAAASUVORK5CYII=data:image/png;base64,iVBORw0KGgoAAAANSUhEUgAAAAEAAAABCAQAAAC1HAwCAAAAC0lEQVR42mNkYAAAAAYAAjCB0C8AAAAASUVORK5CYII=data:image/png;base64,iVBORw0KGgoAAAANSUhEUgAAAAEAAAABCAQAAAC1HAwCAAAAC0lEQVR42mNkYAAAAAYAAjCB0C8AAAAASUVORK5CYII=data:image/png;base64,iVBORw0KGgoAAAANSUhEUgAAAAEAAAABCAQAAAC1HAwCAAAAC0lEQVR42mNkYAAAAAYAAjCB0C8AAAAASUVORK5CYII=data:image/png;base64,iVBORw0KGgoAAAANSUhEUgAAAAEAAAABCAQAAAC1HAwCAAAAC0lEQVR42mNkYAAAAAYAAjCB0C8AAAAASUVORK5CYII=data:image/png;base64,iVBORw0KGgoAAAANSUhEUgAAAAEAAAABCAQAAAC1HAwCAAAAC0lEQVR42mNkYAAAAAYAAjCB0C8AAAAASUVORK5CYII=data:image/png;base64,iVBORw0KGgoAAAANSUhEUgAAAAEAAAABCAQAAAC1HAwCAAAAC0lEQVR42mNkYAAAAAYAAjCB0C8AAAAASUVORK5CYII=data:image/png;base64,iVBORw0KGgoAAAANSUhEUgAAAAEAAAABCAQAAAC1HAwCAAAAC0lEQVR42mNkYAAAAAYAAjCB0C8AAAAASUVORK5CYII=data:image/png;base64,iVBORw0KGgoAAAANSUhEUgAAAAEAAAABCAQAAAC1HAwCAAAAC0lEQVR42mNkYAAAAAYAAjCB0C8AAAAASUVORK5CYII=data:image/png;base64,iVBORw0KGgoAAAANSUhEUgAAAAEAAAABCAQAAAC1HAwCAAAAC0lEQVR42mNkYAAAAAYAAjCB0C8AAAAASUVORK5CYII=data:image/png;base64,iVBORw0KGgoAAAANSUhEUgAAAAEAAAABCAQAAAC1HAwCAAAAC0lEQVR42mNkYAAAAAYAAjCB0C8AAAAASUVORK5CYII=data:image/png;base64,iVBORw0KGgoAAAANSUhEUgAAAAEAAAABCAQAAAC1HAwCAAAAC0lEQVR42mNkYAAAAAYAAjCB0C8AAAAASUVORK5CYII=data:image/png;base64,iVBORw0KGgoAAAANSUhEUgAAAAEAAAABCAQAAAC1HAwCAAAAC0lEQVR42mNkYAAAAAYAAjCB0C8AAAAASUVORK5CYII=data:image/png;base64,iVBORw0KGgoAAAANSUhEUgAAAAEAAAABCAQAAAC1HAwCAAAAC0lEQVR42mNkYAAAAAYAAjCB0C8AAAAASUVORK5CYII=data:image/png;base64,iVBORw0KGgoAAAANSUhEUgAAAAEAAAABCAQAAAC1HAwCAAAAC0lEQVR42mNkYAAAAAYAAjCB0C8AAAAASUVORK5CYII=data:image/png;base64,iVBORw0KGgoAAAANSUhEUgAAAAEAAAABCAQAAAC1HAwCAAAAC0lEQVR42mNkYAAAAAYAAjCB0C8AAAAASUVORK5CYII=data:image/png;base64,iVBORw0KGgoAAAANSUhEUgAAAAEAAAABCAQAAAC1HAwCAAAAC0lEQVR42mNkYAAAAAYAAjCB0C8AAAAASUVORK5CYII=data:image/png;base64,iVBORw0KGgoAAAANSUhEUgAAAAEAAAABCAQAAAC1HAwCAAAAC0lEQVR42mNkYAAAAAYAAjCB0C8AAAAASUVORK5CYII=data:image/png;base64,iVBORw0KGgoAAAANSUhEUgAAAAEAAAABCAQAAAC1HAwCAAAAC0lEQVR42mNkYAAAAAYAAjCB0C8AAAAASUVORK5CYII=data:image/png;base64,iVBORw0KGgoAAAANSUhEUgAAAAEAAAABCAQAAAC1HAwCAAAAC0lEQVR42mNkYAAAAAYAAjCB0C8AAAAASUVORK5CYII=data:image/png;base64,iVBORw0KGgoAAAANSUhEUgAAAAEAAAABCAQAAAC1HAwCAAAAC0lEQVR42mNkYAAAAAYAAjCB0C8AAAAASUVORK5CYII=data:image/png;base64,iVBORw0KGgoAAAANSUhEUgAAAAEAAAABCAQAAAC1HAwCAAAAC0lEQVR42mNkYAAAAAYAAjCB0C8AAAAASUVORK5CYII=data:image/png;base64,iVBORw0KGgoAAAANSUhEUgAAAAEAAAABCAQAAAC1HAwCAAAAC0lEQVR42mNkYAAAAAYAAjCB0C8AAAAASUVORK5CYII=data:image/png;base64,iVBORw0KGgoAAAANSUhEUgAAAAEAAAABCAQAAAC1HAwCAAAAC0lEQVR42mNkYAAAAAYAAjCB0C8AAAAASUVORK5CYII=data:image/png;base64,iVBORw0KGgoAAAANSUhEUgAAAAEAAAABCAQAAAC1HAwCAAAAC0lEQVR42mNkYAAAAAYAAjCB0C8AAAAASUVORK5CYII=data:image/png;base64,iVBORw0KGgoAAAANSUhEUgAAAAEAAAABCAQAAAC1HAwCAAAAC0lEQVR42mNkYAAAAAYAAjCB0C8AAAAASUVORK5CYII=data:image/png;base64,iVBORw0KGgoAAAANSUhEUgAAAAEAAAABCAQAAAC1HAwCAAAAC0lEQVR42mNkYAAAAAYAAjCB0C8AAAAASUVORK5CYII=data:image/png;base64,iVBORw0KGgoAAAANSUhEUgAAAAEAAAABCAQAAAC1HAwCAAAAC0lEQVR42mNkYAAAAAYAAjCB0C8AAAAASUVORK5CYII=data:image/png;base64,iVBORw0KGgoAAAANSUhEUgAAAAEAAAABCAQAAAC1HAwCAAAAC0lEQVR42mNkYAAAAAYAAjCB0C8AAAAASUVORK5CYII=data:image/png;base64,iVBORw0KGgoAAAANSUhEUgAAAAEAAAABCAQAAAC1HAwCAAAAC0lEQVR42mNkYAAAAAYAAjCB0C8AAAAASUVORK5CYII=data:image/png;base64,iVBORw0KGgoAAAANSUhEUgAAAAEAAAABCAQAAAC1HAwCAAAAC0lEQVR42mNkYAAAAAYAAjCB0C8AAAAASUVORK5CYII=data:image/png;base64,iVBORw0KGgoAAAANSUhEUgAAAAEAAAABCAQAAAC1HAwCAAAAC0lEQVR42mNkYAAAAAYAAjCB0C8AAAAASUVORK5CYII=data:image/png;base64,iVBORw0KGgoAAAANSUhEUgAAAAEAAAABCAQAAAC1HAwCAAAAC0lEQVR42mNkYAAAAAYAAjCB0C8AAAAASUVORK5CYII=data:image/png;base64,iVBORw0KGgoAAAANSUhEUgAAAAEAAAABCAQAAAC1HAwCAAAAC0lEQVR42mNkYAAAAAYAAjCB0C8AAAAASUVORK5CYII=data:image/png;base64,iVBORw0KGgoAAAANSUhEUgAAAAEAAAABCAQAAAC1HAwCAAAAC0lEQVR42mNkYAAAAAYAAjCB0C8AAAAASUVORK5CYII=data:image/png;base64,iVBORw0KGgoAAAANSUhEUgAAAAEAAAABCAQAAAC1HAwCAAAAC0lEQVR42mNkYAAAAAYAAjCB0C8AAAAASUVORK5CYII=data:image/png;base64,iVBORw0KGgoAAAANSUhEUgAAAAEAAAABCAQAAAC1HAwCAAAAC0lEQVR42mNkYAAAAAYAAjCB0C8AAAAASUVORK5CYII=data:image/png;base64,iVBORw0KGgoAAAANSUhEUgAAAAEAAAABCAQAAAC1HAwCAAAAC0lEQVR42mNkYAAAAAYAAjCB0C8AAAAASUVORK5CYII=data:image/png;base64,iVBORw0KGgoAAAANSUhEUgAAAAEAAAABCAQAAAC1HAwCAAAAC0lEQVR42mNkYAAAAAYAAjCB0C8AAAAASUVORK5CYII=data:image/png;base64,iVBORw0KGgoAAAANSUhEUgAAAAEAAAABCAQAAAC1HAwCAAAAC0lEQVR42mNkYAAAAAYAAjCB0C8AAAAASUVORK5CYII=data:image/png;base64,iVBORw0KGgoAAAANSUhEUgAAAAEAAAABCAQAAAC1HAwCAAAAC0lEQVR42mNkYAAAAAYAAjCB0C8AAAAASUVORK5CYII=data:image/png;base64,iVBORw0KGgoAAAANSUhEUgAAAAEAAAABCAQAAAC1HAwCAAAAC0lEQVR42mNkYAAAAAYAAjCB0C8AAAAASUVORK5CYII=data:image/png;base64,iVBORw0KGgoAAAANSUhEUgAAAAEAAAABCAQAAAC1HAwCAAAAC0lEQVR42mNkYAAAAAYAAjCB0C8AAAAASUVORK5CYII=data:image/png;base64,iVBORw0KGgoAAAANSUhEUgAAAAEAAAABCAQAAAC1HAwCAAAAC0lEQVR42mNkYAAAAAYAAjCB0C8AAAAASUVORK5CYII=data:image/png;base64,iVBORw0KGgoAAAANSUhEUgAAAAEAAAABCAQAAAC1HAwCAAAAC0lEQVR42mNkYAAAAAYAAjCB0C8AAAAASUVORK5CYII=data:image/png;base64,iVBORw0KGgoAAAANSUhEUgAAAAEAAAABCAQAAAC1HAwCAAAAC0lEQVR42mNkYAAAAAYAAjCB0C8AAAAASUVORK5CYII=data:image/png;base64,iVBORw0KGgoAAAANSUhEUgAAAAEAAAABCAQAAAC1HAwCAAAAC0lEQVR42mNkYAAAAAYAAjCB0C8AAAAASUVORK5CYII=data:image/png;base64,iVBORw0KGgoAAAANSUhEUgAAAAEAAAABCAQAAAC1HAwCAAAAC0lEQVR42mNkYAAAAAYAAjCB0C8AAAAASUVORK5CYII=data:image/png;base64,iVBORw0KGgoAAAANSUhEUgAAAAEAAAABCAQAAAC1HAwCAAAAC0lEQVR42mNkYAAAAAYAAjCB0C8AAAAASUVORK5CYII=data:image/png;base64,iVBORw0KGgoAAAANSUhEUgAAAAEAAAABCAQAAAC1HAwCAAAAC0lEQVR42mNkYAAAAAYAAjCB0C8AAAAASUVORK5CYII=data:image/png;base64,iVBORw0KGgoAAAANSUhEUgAAAAEAAAABCAQAAAC1HAwCAAAAC0lEQVR42mNkYAAAAAYAAjCB0C8AAAAASUVORK5CYII=data:image/png;base64,iVBORw0KGgoAAAANSUhEUgAAAAEAAAABCAQAAAC1HAwCAAAAC0lEQVR42mNkYAAAAAYAAjCB0C8AAAAASUVORK5CYII=data:image/png;base64,iVBORw0KGgoAAAANSUhEUgAAAAEAAAABCAQAAAC1HAwCAAAAC0lEQVR42mNkYAAAAAYAAjCB0C8AAAAASUVORK5CYII=data:image/png;base64,iVBORw0KGgoAAAANSUhEUgAAAAEAAAABCAQAAAC1HAwCAAAAC0lEQVR42mNkYAAAAAYAAjCB0C8AAAAASUVORK5CYII=data:image/png;base64,iVBORw0KGgoAAAANSUhEUgAAAAEAAAABCAQAAAC1HAwCAAAAC0lEQVR42mNkYAAAAAYAAjCB0C8AAAAASUVORK5CYII=data:image/png;base64,iVBORw0KGgoAAAANSUhEUgAAAAEAAAABCAQAAAC1HAwCAAAAC0lEQVR42mNkYAAAAAYAAjCB0C8AAAAASUVORK5CYII=data:image/png;base64,iVBORw0KGgoAAAANSUhEUgAAAAEAAAABCAQAAAC1HAwCAAAAC0lEQVR42mNkYAAAAAYAAjCB0C8AAAAASUVORK5CYII=data:image/png;base64,iVBORw0KGgoAAAANSUhEUgAAAAEAAAABCAQAAAC1HAwCAAAAC0lEQVR42mNkYAAAAAYAAjCB0C8AAAAASUVORK5CYII=data:image/png;base64,iVBORw0KGgoAAAANSUhEUgAAAAEAAAABCAQAAAC1HAwCAAAAC0lEQVR42mNkYAAAAAYAAjCB0C8AAAAASUVORK5CYII=data:image/png;base64,iVBORw0KGgoAAAANSUhEUgAAAAEAAAABCAQAAAC1HAwCAAAAC0lEQVR42mNkYAAAAAYAAjCB0C8AAAAASUVORK5CYII=data:image/png;base64,iVBORw0KGgoAAAANSUhEUgAAAAEAAAABCAQAAAC1HAwCAAAAC0lEQVR42mNkYAAAAAYAAjCB0C8AAAAASUVORK5CYII=data:image/png;base64,iVBORw0KGgoAAAANSUhEUgAAAAEAAAABCAQAAAC1HAwCAAAAC0lEQVR42mNkYAAAAAYAAjCB0C8AAAAASUVORK5CYII=data:image/png;base64,iVBORw0KGgoAAAANSUhEUgAAAAEAAAABCAQAAAC1HAwCAAAAC0lEQVR42mNkYAAAAAYAAjCB0C8AAAAASUVORK5CYII=data:image/png;base64,iVBORw0KGgoAAAANSUhEUgAAAAEAAAABCAQAAAC1HAwCAAAAC0lEQVR42mNkYAAAAAYAAjCB0C8AAAAASUVORK5CYII=data:image/png;base64,iVBORw0KGgoAAAANSUhEUgAAAAEAAAABCAQAAAC1HAwCAAAAC0lEQVR42mNkYAAAAAYAAjCB0C8AAAAASUVORK5CYII=data:image/png;base64,iVBORw0KGgoAAAANSUhEUgAAAAEAAAABCAQAAAC1HAwCAAAAC0lEQVR42mNkYAAAAAYAAjCB0C8AAAAASUVORK5CYII=data:image/png;base64,iVBORw0KGgoAAAANSUhEUgAAAAEAAAABCAQAAAC1HAwCAAAAC0lEQVR42mNkYAAAAAYAAjCB0C8AAAAASUVORK5CYII=data:image/png;base64,iVBORw0KGgoAAAANSUhEUgAAAAEAAAABCAQAAAC1HAwCAAAAC0lEQVR42mNkYAAAAAYAAjCB0C8AAAAASUVORK5CYII=data:image/png;base64,iVBORw0KGgoAAAANSUhEUgAAAAEAAAABCAQAAAC1HAwCAAAAC0lEQVR42mNkYAAAAAYAAjCB0C8AAAAASUVORK5CYII=data:image/png;base64,iVBORw0KGgoAAAANSUhEUgAAAAEAAAABCAQAAAC1HAwCAAAAC0lEQVR42mNk'... 560000 more characters
  },
  {
    id_perfume: 40,
    nombre: 'Th├® Noir 29',
    descripcion: 'Eau de Parfum',
    activo: 1,
    fecha_registro: 2026-07-10T01:50:00.000Z,
    id_categoria: 3,
    categoria: 'Unisex',
    marca: 'Le Labo',
    precio_min: '8400.00',
    precio_max: '8400.00',
    stock_total: '5',
    precio: '8400.00',
    mililitros: 70,
    id_presentacion: 38,
    imagen: null
  },
  {
    id_perfume: 33,
    nombre: 'Tobacco Vanille',
    descripcion: 'Eau de Parfum',
    activo: 1,
    fecha_registro: 2026-07-10T01:50:00.000Z,
    id_categoria: 3,
    categoria: 'Unisex',
    marca: 'Tom Ford',
    precio_min: '4200.00',
    precio_max: '4200.00',
    stock_total: '10',
    precio: '4200.00',
    mililitros: 50,
    id_presentacion: 31,
    imagen: null
  },
  {
    id_perfume: 23,
    nombre: 'Ultra Male',
    descripcion: 'Eau de Toilette Intense',
    activo: 1,
    fecha_registro: 2026-07-10T01:50:00.000Z,
    id_categoria: 1,
    categoria: 'Hombre',
    marca: 'Jean Paul Gaultier',
    precio_min: '3500.00',
    precio_max: '3500.00',
    stock_total: '10',
    precio: '3500.00',
    mililitros: 125,
    id_presentacion: 21,
    imagen: null
  },
  {
    id_perfume: 16,
    nombre: 'Uomo',
    descripcion: 'Eau de Toilette',
    activo: 1,
    fecha_registro: 2026-07-10T01:50:00.000Z,
    id_categoria: 1,
    categoria: 'Hombre',
    marca: 'Valentino',
    precio_min: '2800.00',
    precio_max: '2800.00',
    stock_total: '10',
    precio: '2800.00',
    mililitros: 100,
    id_presentacion: 14,
    imagen: null
  },
  {
    id_perfume: 17,
    nombre: 'Uomo - Born In Roma Coral Fantasy',
    descripcion: 'Eau de Toilette',
    activo: 1,
    fecha_registro: 2026-07-10T01:50:00.000Z,
    id_categoria: 1,
    categoria: 'Hombre',
    marca: 'Valentino',
    precio_min: '3000.00',
    precio_max: '3000.00',
    stock_total: '10',
    precio: '3000.00',
    mililitros: 100,
    id_presentacion: 15,
    imagen: null
  },
  {
    id_perfume: 15,
    nombre: 'Uomo - Born In Roma Green Stravaganza',
    descripcion: 'Eau de Toilette',
    activo: 1,
    fecha_registro: 2026-07-10T01:50:00.000Z,
    id_categoria: 1,
    categoria: 'Hombre',
    marca: 'Valentino',
    precio_min: '2950.00',
    precio_max: '2950.00',
    stock_total: '10',
    precio: '2950.00',
    mililitros: 100,
    id_presentacion: 13,
    imagen: null
  },
  {
    id_perfume: 14,
    nombre: 'Uomo - Born In Roma Yellow Dream',
    descripcion: 'Eau de Toilette',
    activo: 1,
    fecha_registro: 2026-07-10T01:50:00.000Z,
    id_categoria: 1,
    categoria: 'Hombre',
    marca: 'Valentino',
    precio_min: '2950.00',
    precio_max: '2950.00',
    stock_total: '10',
    precio: '2950.00',
    mililitros: 100,
    id_presentacion: 12,
    imagen: null
  },
  {
    id_perfume: 13,
    nombre: 'Very Good Girl',
    descripcion: 'Eau de Parfum',
    activo: 1,
    fecha_registro: 2026-07-10T01:50:00.000Z,
    id_categoria: 2,
    categoria: 'Mujer',
    marca: 'Carolina Herrera',
    precio_min: '3200.00',
    precio_max: '3200.00',
    stock_total: '10',
    precio: '3200.00',
    mililitros: 80,
    id_presentacion: 11,
    imagen: null
  },
  {
    id_perfume: 41,
    nombre: 'Yves Saint  Laurent',
    descripcion: 'Eau de Parfum',
    activo: 1,
    fecha_registro: 2026-07-11T01:48:18.000Z,
    id_categoria: 1,
    categoria: 'Hombre',
    marca: 'Generico',
    precio_min: '120.00',
    precio_max: '120.00',
    stock_total: '17',
    precio: '120.00',
    mililitros: 100,
    id_presentacion: 39,
    imagen: 'data:image/jpeg;base64,/9j/4AAQSkZJRgABAQAAAQABAAD/2wCEAAYGBgYHBgcICAcKCwoLCg8ODAwODxYQERAREBYiFRkVFRkVIh4kHhweJB42KiYmKjY+NDI0PkxERExfWl98fKcBBgYGBgcGBwgIBwoLCgsKDw4MDA4PFhAREBEQFiIVGRUVGRUiHiQeHB4kHjYqJiYqNj40MjQ+TERETF9aX3x8p//CABEIAvwBqwMBIgACEQEDEQH/xAAwAAEAAgMBAQAAAAAAAAAAAAAAAQIDBAUGBwEBAQEBAAAAAAAAAAAAAAAAAAECA//aAAwDAQACEAMQAAAC9UAAAAAABgz+VOlg8bB62nlZPUV8zJ6Ovn5O/l85kPUbHldk9NPn8h26cXCd7H5zEeozeOqfQNr5/wC7MoAAAAAAAAAAAAAAHj/YeQPOEEzEgklElr0sZ9nW2TZtW5TBnwGviyYitZqZ/e+C96bAAAAAAAAAAAAAAAHj/YePPOxMC1bCYkSkm9LGba1do2b47lcGbAa+LJjMcTBn954T3pnAAAAAAAAAAAAAAA8f7Dx55xMCYkmYkkkm1bmXZ1tk2L0uV18+E1sWXGY62g2Pe+C96ZwAAAAAAAAAAAAAAPH+w8eediYExJMxJJJN6WM2zrbBszW5XDmwGviy4ikWqbHvfBe9M4AAAAAAAAAAAAAAHj/YeQPORMC1ZJmJJBa1bGXZ1tk2LUuVw5sBr48uIrW1TY994H3xmAAAAAAAAAAAAAAA8h6/yB5yJgTEkzEkzEk2rYy7GvsGe1bkYM2AwY8mMrEwZ/feC94ZwAAAAAAAAAAAAAAPIev8eediYEwLTEkzEk2rYy7GvnNi1bFcObAYceTGVrapse/8B70zgAAAAAAAAAAAAAAeP9h4887EwJiSZiSZrYm1bGXY19gzXrYrgz4DDiyUKRaps+98F70zAAAAAAAAAAAAAAAeP9h5A85AJgWBaayWtWxk2NfYM9qZCuvnwGGmTERWYNn3vgvemYAAAAAAAAAAAAAADyHr/IHnImASSC0xJNq2MufBsGa1blMGfEYMeTGVrapte88H7szgAAAAAAAAAAAAAAcDvjw73A8Hj9vpnmcnrdk8VPtR4vnfRPGpzu1oe4PNPTQvmKeroeNx+qxHn8nqNg8r6bIAAAAAAAAAAADHwD0byWE9m8NgPoD53iPpNPmo+i4/BZT12v5qT1eTyVj1s+Sk9ZwNGtm56HycHrXk5l9VHlrnoKcMeiz+XHrc3jIPb28IPdvEXPaPHZz1TzVz0TW2QAAAAADk6e1yzzeK0EAATAvFRJAAtUTATAEggWmgupJecYy5dWTaao3qaY6HU832Tteh4fcAAAAAAOdx+55ZODmw7Jqr0UAAAAACUCUCUCUAAAAABsa+dMPW5O8eg9N4/wBgoAAAAAHM816Tyxx97R3k18O5pgKAAAAAAAAAAAAABObFmTBu6XRrq+u816WAUAAAADmeP9h4w0N7Rzptc7tcWglAAAAAAAAAAAAAAvlpZMPT5ndrq+i896ECUAAAADm+J9t4lNKYk7/n/R+dqBKAAAAAAAAAAAAABmTCYvQef9DXT9BxO3AKAAAABzfEe48QaaJPQcLs8rWdcZ0AAAAAAAAAAAAABs482BK9/g9uu92eP2IBQAAAAOb4n2nizTSOrqZY1nnjOgBnMDuDhu4OG7g4buDhu4OG7o4TujhO6OE7w4LvDgu+OA745mD0OGzh9fLls7fV0d7NBQAAAAOT4713kTTJNnY0+hrPIiYzoB0ed0T3cxKESAAAASAAABEiImCIBMSZcuHMAoAAAAHF8l6zyZp3plI6nN6OpyK3pkCujzuie7CNfY5p09fT3jM5uYz15XbMeXVxm/HN3DPq6uI7LSsbbDpnScjdNmNPIZ40N8TE1kzYc0AoAAAAHD8r6vyppZ8OdG7qbNc3HlxQCujzuie7CNLd5xkwdTAaWfJJg19ug0O5pl9PqYTXjc0Vpm6WgbPJ60HO3dXbMGXb1U1+hhzBFqyZsGeAUAAAADieX9T5c0dnX2kZqXrnYs+GICulzeme5RKKXAAGKcoAAjBsDX2YkARIiJgiECYmsmfBngFAAAAA4nmfS+bNHc1N2y0zJzcGzrECV1OXlPo0+HJ7iPESe3eIk9s8TJ7WfEj2zxQ9q8UPavFD2rxQ9s8SPbPFD2kePz16eOBY7tvO5D0OfR3oBQAAAAOH5z0XnzR3tTfsmubEc/U3dMhKISISWEiEqhKISIWEJJCRCRCVRMjLvafQTavORdSclD0W/wA/oSgAAAAAcPz/AKDhGl0NLo2W1t3UNLR6GjZVKWEiEiEiFhVYQkQkQmSqwrMiEiJSZelz+lZuZMO3Lq4NrWO/0eZ04BQAAAAOLwu7xDT6Oj0rL6e/pGlo9HQuaLJapEJLCRAAACRCRCRCQJItW6ZenzujZsb+n0JrV0+hona6XN6UAoAAAAHG4vc4tavS0Okl+f0+ZWtodHns1SWqRCRVKISISWEgkkJEJEJEJgXres3Q0d5N/oafQmtXn9TmnW6XN6UAoAAAAHK4va49a/S0Okl+V2OOmDn9DQ1KpiWEwQkQmAAASQkEiEiEiqwjJW6Z93V266m/p7+da/N6vMOl0ef0JQAAAAAOXyOzyTB0tDpWX4vc4xqaO/o6zWLRERaFhIqsKrCqwrMiEykJEJkqtBCQyVyVn2tbYO3va23jWtzeloVv9Dn9CUAAAAADncvqc41+lz+nZbjdziGpodHn6xFbwtUiqRVYVSISCREpISCSQsKxeFm8XTLnw519Hs4NnGtPR3dStzoc/oSgAAAAAc/n9DRMHS5/Sstxe5xTU53T5usIvUrF4KxeCq0LCRCSRMiFhCQSIWFVpFpsXz4NlfR7OvsY1oa+bHWx0Of0JQAAAAANDS3dQwdHR6Bbjdvi2avN6nM3zReJaxeCsWFYvBVYVWFZmSszJWZkrMzVVxSbSSvEk7GDYa9JsYM+NctjyVm6HP6EoAAAAAGhrbOAw7+lv1bjdriprczqc3fO1ctYpF4WsXgqsKxaaqtERMqhYlZtJWbSVXJSbSTjzY1nPgzzXps+HNjXEz623WTf0N+UAAAAADQw5sRi39HfLcXtcazW53S5++d4yQmOMkLjXFIuKLii4pNpKzaUpNpqs2ELTFJtNMOzglrnw5Zr1GbFmxrz+7z9+su/ob8oAAAAAHPraDFu6e6Tx+zx7Nbn9Hn75565a2Y4yQUjJBRcUi4qtJWbSVWFZtJWbSUm0lJtJOvt65hy4sud+py4suNea6HP3q2N/R3pQAAAAAOdamQw7mptluP2OSmvzujodOe1TNS5pGSKpGSCkXFFy1mZkrNpKTaSk2krNpqk2sUXknV3tOXVyY8ud+qyUvjXmN7S263d7S3ZQAAAAAOZlx5TDuam2W5PV5Vmtob+jvnv0zU1mkXFIvBVYUXFZmSs2kqtKVm0lV5KTaSs2kto9HQmuftaHSxv08xOdecy4b11N3U25QAAAAAObmw5jFtau0Ty+rqWc/Q6vG3z62PPTWcS0FVoISISITJEzKRMiJmSJmSEyRZYvzerxs65Pb876jO+7JjXnq7GLTrbWptygAAAAAc7JIx7OvsE6+xQ0uF6rBvnqTXNrGCuatYmQmNcUXFVpKzaSq0lZsIWkrNpK2m0T5frcObj0/O7GddEY3xMObR1O/tYM8oAAAAAGLBmwkZsOcAratbnHjidYxMTecsRIAJITJEgmJJmpLTVF1YXJWqXzXXtKu5h2cbCa4vM63Hs9Rn0N+AUAAAADVrWxOXHkAFLjDqdCtzz8mzOs6k7GIxxkpURNUvFIMikl1JMl6ZpYtltLjjOl1MHUk53QtEshQjmcH0fmNT0HV5fUgFAAAAA0bRJe8SEiEiEgSRIJASQkQsiEgACUSBQAQBq+V9d5nU7PT5vSlAAAAAA0pmTJMgkQkQkRKSEgASETAAAUAESAKAAp5T1viLPUdDn9CAUAAAADUuyCQJAAAEoEoEoEoEoEoEoEogsrJKBKILKiygv4j2nm7Ox0NDfgFAAAAA1LZKERaxjZZMDPJrtga85xhrsDXbEmvOca8bA1myTVnZGtG0NZsjUjbGo2xoxvQaUb0HN1exqVyNvBauh1+B38gUAAAADBh3Kmq2IMM5bGKcljFKCyISVRdWFyMUGZjgyMcl1ZJrMmKuapgrnk1KbY5+LrVORPUg5OPtSeSz+mHK9JjyAAAH/xAAC/9oADAMBAAIAAwAAACEAAAAAAASSwgwjxhBCSQAAAAAAAAAAAAAABCRTBQTQghxTwAAAAAAAAAAAAAABBSyjAzggxjjQAAAAAAAAAAAAAABTTyhjjhBDhzgAAAAAAAAAAAAAABBSiBAyRgBTSwAAAAAAAAAAAAAABBSgDxihyTBTgAAAAAAAAAAAAAAABSggARDhzACAAAAAAAAAAAAAAAARSwCByQTwBSQAAAAAAAAAAAAAABRSgBhQjTxjAQAAAAAAAAAAAAAABByxyxCjhSQxAAAAAAAAAAAAAAAABThQABBxhwQQAAAAAAAAAAAAAABDCgAA9YSAACAAAAAAAAAAAAQQQxBD5LKGUKpb4K4ogAgAAAAACLjwxwwTDBxzAwwgSp4r4AAAAAAAPPTzzzzzwwwwzzzzzy3OAAAAAAA6vfzzzzzzzzzzzzzzxMUsAAAAAD6tzzzzzzzzzzzzzzzydcEAAAAADvlTzzzzzzzzzzzzzzxNmMAAAAADZinzzzzzzzzzzzzzzxc6MAAAAADZDHzzjDTzzzDDzDzDDWMMAAAAAC5SVTygMsP/AN/DDjDTDLTpAAAAAAyOo/8AKE/0dTXXQZRTQVwYQAAAAAItxt/LA56decUdGFJCY2QQAAAAAAv6s/KCw0/80/36w0wz/aQAAAAAFqeqfKJWw+5ww09zwwfKAQAAAAAGsevA88ssPvsg/wB/2XcLMIAAAAABqlJk008/PMMPrKIJbAL8MAAAAABb/qPMsII747L774p8fb4kAAAAAAQ9zen0H/8Ay2DDDDH8iqiJAAAAAA8XvUmm5kMNJ0GOOwl002gAAAAAA+Da8/Wqyyyy7D73vgwjzoAAAAAAebm7YoJx99FocNx0Sm78oAAAAAAeZiWHXVkM9lzfPX7Wcv0oAAAAAAa2mF7XLX/zrrro0wT69NoAAAAAAqQE/DWWqYGk3jSXrYClZAAAAAAAiKcbrCqaiSqj5Fbp+t5dAAAAAAAkSg/wyW5ZdJMgCq6BrJhAAAAAAAgW/TXFNdoPrvOI4cC9BhoAAAAAA4oJTUYEM8MgfDTDXOPJdgAAAAAAoMxFQsGOOezm66a8CDjZoAAAAAAw+uYbqjf/AG82tmgF7DwsoAAAAAACmivUtSRSGDOBd3v/AIICksAAAAAAgIBL82bTFXJXZ+a2YAKyEAAAAACDSADAiSTwzI574oAAIK0gAAAAADDQADCjAxgoJbzz4IAADIkAAAAADCzAAAAAAADDDDTjDDDxakAAAAAAwgzjDzxiAy+9/P8AjnPtQDAAAAAAwc8QoJ5EEM8wcssiM6mWIAAA/8QAAv/aAAwDAQACAAMAAAAQ88888884IIYkem6iwAo8888888888888884Mw4YceQagEE888888888888888oUwooMCuKo008888888888888888wg4UwWqK4UE888888888888888804I8o2yG00s888888888888888oEskc8iiq0QY888888888888888sUoggo6eSssg8888888888888888U8oMUW2mQ088888888888888888AoIs0quiQkw8888888888888884Is0co+OeEY4888888888888888oU0cAgCqiAEk888888888888888s8YE8dD0EkUs88888888888440wAO8MkVOY42S2ywy68888888uK88sck8sQ8wMuaKoUMOW8888883v2999989MNMM99999rD+888888Mr3999999999999999d63888888491999999999999999zAU888888b52999999999999999XXy888888SMJ999999999999999O3O888888+Gt99526y++yyy89xwEBq888888G6re95p73D/8AQfXfeaWh1fPPPPPPPAnfbdbd/wDdNudv+PuIBHzzzzzxQ0rX3xk2dtctdqrbovZh3zzzzzwwc7P3pu83F+1EUkHFdbxXzzzzzyh1eD28d2k0kH21000wuFvzzzzzziFpL03zwyL7L8Pf2XivSDzzzzzzpNZz77zzDAzx33nGkUd6nzzzzzyLXqkMU77470HLLIgmF0MPzzzzzyjHQIjDCoMwoN776YRfj2vzzzzzxymcnxyxX3zh/jAD8Nj8eLzzzzzz4XIs/wCgwwwgz+K2bRGeAD888888y5olUBsxt8QeiXCSVUafL8888882r8/t91S+NDUtXjc4PoHV888888GikDgDd2w88uqWQ4WlvK1888888yQXYXqfzZHEdwgh5bJ6CV888888s6DsrWKN402LFkC4228G988888876hsucRi+Ymdao6mxUkS9888888TUO8uIQxcvn6vlJBA0CmV888888+WodBpRx9raJJRNNECUa88888883/0H4qAAMYMN0kUm283G8888888SFsd7U5twww0G0jueu6Fc888888kJtYSo0of7DKgv1ifZMYl888888WF/Icz2e7S7W7AnqFU+/wD/ADzzzzwe/PM932knw5Qz4oDz76Z7zzzzzzvcX02kFXlvT7zz4IDDCd/zzzzzyDTAX300l30BTDzrLbjxevzzzzzwIY5o55qJJ7mUUm0G1XM2/wA88888ia+qCJ/Scu2iCqaMKIEke888/8QALxEAAQMBBgUEAgEFAAAAAAAAAQACETEDECAwMnESIUBBURMiQmFDUmIEIzOAgf/aAAgBAgEBPwDOP+k7WlxgJ7eGOli7koHgrhb4KaeEyJTncUSFA8FR9Lh+lwnwuArgPgrhcuF3hQchoRrmSpKkriPkqT5K4j5KBKONpQEmERB6FlU6uNtCrPUE8Q49AKFWIBJ2VoIOMH2ppghWuqeg+KsTzOytDTH8LrUcmn66D4hWWo7J+P4i53Oyaeg+AViJKtNZGM6RcOdkegOgL+mcwE8XhPIL3EY59oustLgiIPUdhdYnmU/UcMqei7C6zqn6j1HYXMqrTV1HYIBMqrTVjlSpU4IvOMXNqnj3YeV0KFChQVCjAcYubVPHNQoUBRdAUY4RQ7p2MIJtQnjnmShW51U0yHI4xQXBPqNsEYYUKFF3hPPNM0uR54xQXBPqNsiFGAXWmpN0OyBS4Hmndts0BFP1IcmHIFw1J3bbIhRhdVP1FDRkBFNqndts59Rsn1Q/xo420RKZVOGnbBGIKL39tk8y5fDICKYfcnDTsoUKLouhQowGhT6jZHUV+PJKs9SNW7KLoUY4udpKd22RqV8Mph9y/U/V0KFCjDChQnUKf22RqV+PIFzdSFLPbIhRgdQp9f8AiJXwyAimakNLMYGJ55J9U5HRkBFM5OCGkDwUMiFF9oeSfRFfjOUEy0AABQIIEZMqU4p0kxCtQWt597p/tRlhWXEI8BSpvlTdDlBuJCBAryESra0438qXN0FHttlstnM2XrgoWzD3Xqt8r1R5QtR+wXqjyjbD9kbf+adbfyKNp9leoQnPe6pvboKPQk5NmPYUcg5QyLGjh9I9LCgqDfY/LZOrmEqb5ulSpUqSpKBQd9BSn16Kb5U38S4kSScH/8QAKxEAAgIBAQgBBAIDAAAAAAAAAAECETEQAyAhMDJAQXETEiJSYQRCUGKA/9oACAEDAQE/AP8AjVukJ33UlaoUUl/jH3jwyOF2DJOkLkPBDHYeSWBcmGX2H9mSwR5MeE32C6mTdIjhcl9a3bLLLLLL0vXyydtEcLkzymJ6PuJkcLR9xPBDp0e432k8EMaPuJdLNn08qty1fLY+lmzf26Xv2WWXo3bYtMrkzwyD4Fll79l7kcDE+TPDIYLLZe9wOBw0ekMDyuVLBHzvWfUXpbLZY8FkMDyhcmeCHndet7rwxEcIeUeFyZEfPsvfsssssbIkMDZ4XJkRefetllljZejdF6NkMEOkkeFyZ4IPPssssvW95mzwyPTp4XJmReffJbGyy9Nn0v2R6dPC5M8EV1exSPq3LLLGxvWL+5EOl+xdK08Lkzwf1l71tlsssveh1x9kOl+yONPC364aT6TEZ+yz6iy926LLLNm/vj7IYfsWNPC33jSeCWNp73LLLLLZellmz64+yGBY08Lkz4RHmaL3rLLLL02TuaICxy59LG/ul+0PXgcN+zYdV/ogLB55T6WTg7bRJbz3UjZqkzYtSlw08nhcpxaeeDybRxd/kUVuUikUikURg6Q4ukkfx9j9EOOdVjlNE/48G7WR/wAaQ9jNeD4pfgz4/wDVnx/o+EWxFsF+ItkvxR8X6R8S8ihGOFq0LC7p92xd02Lumhd//8QATxAAAQIDAwIQCgkCBgIDAQAAAQACAwQREiExBVEQEyIwMjM0QVJhcXJzgZGxFBUgQEJDU5KhwQYjJFBigrLR8BZEY3SDosLhJVRks/GT/9oACAEBAAE/AtfjzUCXAdFfROy/IjC2epH6RwN6A/tCP0kb/wCt/uX9RH2A7V/Ub/ZBf1DF9mF/UEfgtXj+azM7F4/muLsTcuxd8H4JuW2H0InwTcsQz6MbsQypC/xfdXjOFv6Z7q8aS+eJ7iOWJbhv/wD5leOpb2h9wrx3BG+PiEMuwvZ/7k3LssfQcFCm4MXYn4fcP0ijOtwYe9ZtKvk9i4rlxXcq/Ddyq69mp5VnaaGh2SaL6OGDrimtwtMvFaGqsnfY61Q76NeCbVAnZgDWt6dfhgBeU7hUFL6CqocKXnjXV8VLxYjHAtcpdznwYbnYlor9wfSLdMHovI49HiuXFcsNTdyqtKsq08f7Ib7TQ33EcWZNF9kgGjrimMwBZeCaFWLr4ZtBppenN/Bq6D+cicN4NvreU68cgvKO+6yN+5U9Ggry4Kn4VCx3utSl0rAw2A+4PpHuqF0fkcejxLiqFXFtR2KtLTKgjOhdVpIN9x5E3gkA0dceRNbgHM3zQ1VjhQ9VQ0NU4fh1V1/83k4X0AGN5RvFLgAE7fdRu/cjmuX5fioWO91qU3LAuGwGH3B9It1Qei8rBYKtLq3KuLainIq0qy0CM9ELqsqCK3FMFNSaHVXHkTQLgWjG41Vm6hhi1Q0v5UbQNzdVTZVThfQAC+8o3jeAA7UT6VG79yObU8q6goXKApTcsDDYDD7g+kW6oPReXhdW5fhrcq0q2tyrSrbVW8iBpVlQRW48ibdqTZItXFNGDS1pvuvVneLG1ob6pw3qNtXXojeFBfeU68b1AE4+ldibkc2pXYoRpvgKS3LBw2Aw+4PpHuqF0flVoq0urcsLq3FVpqbWpVaVbWrUDi21VtbupNu1JoRauKbvNNg3mhXEQwmmNU7NqbV1/wA0cbIoL7yjeN4ABE+ldv3I3XXLsUI0ONFJXysG+uoH3B9I90wej+flchVacirvVNlVpda1JVbILa6kquLa1aSKJt2pqCC6456Jt1Gmwam4qnomwTQ3o8HU1uNfmjwbrjiibXIAifSuqariqF2ZlCu36cilD9mg311Av+4PpFumD0fz8rk6120Vab5srC6psqtKi0bBQNk2a1YaU40001NQWl1yaaUaSw1rQqvomwai49qPAq2txr80b9TUAA3omu/cAi70q3neXFa61XjChdfUpQ/ZoOOwGP3B9I90wuj8nkXIuStF22VWm+bJVaVALrBQNKipLCbk001NatLrk00oyrSCblWmoJYag3o8Corca/NOv1NRQG9F1Rebmi5Fx2VrVFXYWrt9V4+LqULH0upSh+zQcdgMcfuD6Rbpg9H5XIu2yh+aysOFZKrStLVgoGzUX2CU02bq1'... 29247 more characters
  }
]
